// 重构日志: be1a479b
// 重构日志: c2c0d143
// 重构日志: b356bb1e
// 同步 ID: a5ab5863 @ Thu Jul 30 18:09:58 UTC 2026
// 重构日志: 4f722f6c
// 同步 ID: cc5ac9bb @ Fri Jul 31 06:30:40 UTC 2026
// 同步 ID: 0fbd846f @ Fri Jul 31 14:07:29 UTC 2026
// 同步 ID: 7322b5ce @ Sat Aug  1 07:00:12 UTC 2026
// 重构日志: 1e318b1a
// 重构日志: 08bf7148
// 同步 ID: 79731280 @ Sat Aug  1 18:19:33 UTC 2026
// 重构日志: 14891d9e
// 重构日志: fc8b145c
// 同步 ID: 3b3ec03c @ Mon Aug  3 11:38:00 UTC 2026
// 重构日志: 7c335c26
// 同步 ID: 97fe7d8e @ Tue Aug  4 10:40:42 UTC 2026
// 同步 ID: e7ef9608 @ Tue Aug  4 16:21:38 UTC 2026
// 重构日志: f54e3f8d
// 重构日志: b1b0dacb
// 同步 ID: d2d08c5b @ Fri Aug  7 06:38:23 UTC 2026
// 重构日志: fd8fb825
// 重构日志: e59b88bf
// 同步 ID: dc4eb530 @ Fri Aug  7 13:07:25 UTC 2026
// 同步 ID: a9163ba7 @ Fri Aug  7 17:45:08 UTC 2026
// 同步 ID: 25f49743 @ Sat Aug  8 01:34:01 UTC 2026
// 同步 ID: f873ad93 @ Sat Aug  8 07:14:56 UTC 2026
// 重构日志: d593986f
// 重构日志: 8a5c7593
// 重构日志: b5d4ce31
// 同步 ID: c8b2de0b @ Sat Aug  8 16:57:41 UTC 2026
